Enter file name: Job number: 7
Job ID 	 Arrival time 	 Total Execution time 	 Priority
1	800	50	0
2	815	30	1
3	830	25	2
4	835	20	2
5	845	15	2
6	700	10	1
7	820	5	0
[Success] File read!!!
================================
   Job Scheduling Simulator
================================
1. Shortest Job First (SJF)
2. Highest Response Ratio (HRRF)
3. Highest Priority First (HPF)
0. Exit
Select an algorithm: [Success] All jobs initialized!!!

--- This is Highest Priority First (HPF) Scheduling ---
Job 6 started at 700, finished at 710 | Wait: 0 | TR: 10 | WTR: 1.00
Job 1 started at 800, finished at 850 | Wait: 0 | TR: 50 | WTR: 1.00
Job 3 started at 850, finished at 875 | Wait: 20 | TR: 45 | WTR: 1.80
Job 4 started at 875, finished at 895 | Wait: 40 | TR: 60 | WTR: 3.00
Job 5 started at 895, finished at 910 | Wait: 50 | TR: 65 | WTR: 4.33
Job 2 started at 910, finished at 940 | Wait: 95 | TR: 125 | WTR: 4.17
Job 7 started at 940, finished at 945 | Wait: 120 | TR: 125 | WTR: 25.00

Average Waiting Time: 46.43
Average Turnaround Time: 68.57
Average Weighted Turnaround Time: 5.76

================================
   Job Scheduling Simulator
================================
1. Shortest Job First (SJF)
2. Highest Response Ratio (HRRF)
3. Highest Priority First (HPF)
0. Exit
Select an algorithm: Exiting simulator. Goodbye!
